// Jest Snapshot v1, https://goo.gl/fbAQLP

exports[`RightSideBar component should renders 1`] = `
<div
  className="sc-bcXHqe lekdbu"
>
  <div
    className="sc-gswNZR erVnGO"
  >
    <h3>
      Birthdays
    </h3>
    <div>
      <svg
        fill="currentColor"
        height="1em"
        stroke="currentColor"
        strokeWidth="0"
        style={
          Object {
            "color": undefined,
          }
        }
        viewBox="0 0 1024 1024"
        width="1em"
        xmlns="http://www.w3.org/2000/svg"
      >
        <path
          d="M880 310H732.4c13.6-21.4 21.6-46.8 21.6-74 0-76.1-61.9-138-138-138-41.4 0-78.7 18.4-104 47.4-25.3-29-62.6-47.4-104-47.4-76.1 0-138 61.9-138 138 0 27.2 7.9 52.6 21.6 74H144c-17.7 0-32 14.3-32 32v200c0 4.4 3.6 8 8 8h40v344c0 17.7 14.3 32 32 32h640c17.7 0 32-14.3 32-32V550h40c4.4 0 8-3.6 8-8V342c0-17.7-14.3-32-32-32zm-334-74c0-38.6 31.4-70 70-70s70 31.4 70 70-31.4 70-70 70h-70v-70zm-138-70c38.6 0 70 31.4 70 70v70h-70c-38.6 0-70-31.4-70-70s31.4-70 70-70zM180 482V378h298v104H180zm48 68h250v308H228V550zm568 308H546V550h250v308zm48-376H546V378h298v104z"
        />
      </svg>
       
      Today is Isabelle's Birthday
    </div>
    <div>
      <svg
        fill="currentColor"
        height="1em"
        stroke="currentColor"
        strokeWidth="0"
        style={
          Object {
            "color": undefined,
          }
        }
        viewBox="0 0 1024 1024"
        width="1em"
        xmlns="http://www.w3.org/2000/svg"
      >
        <path
          d="M880 310H732.4c13.6-21.4 21.6-46.8 21.6-74 0-76.1-61.9-138-138-138-41.4 0-78.7 18.4-104 47.4-25.3-29-62.6-47.4-104-47.4-76.1 0-138 61.9-138 138 0 27.2 7.9 52.6 21.6 74H144c-17.7 0-32 14.3-32 32v200c0 4.4 3.6 8 8 8h40v344c0 17.7 14.3 32 32 32h640c17.7 0 32-14.3 32-32V550h40c4.4 0 8-3.6 8-8V342c0-17.7-14.3-32-32-32zm-334-74c0-38.6 31.4-70 70-70s70 31.4 70 70-31.4 70-70 70h-70v-70zm-138-70c38.6 0 70 31.4 70 70v70h-70c-38.6 0-70-31.4-70-70s31.4-70 70-70zM180 482V378h298v104H180zm48 68h250v308H228V550zm568 308H546V550h250v308zm48-376H546V378h298v104z"
        />
      </svg>
       
      Today is Isabelle's Birthday
    </div>
    <div>
      <svg
        fill="currentColor"
        height="1em"
        stroke="currentColor"
        strokeWidth="0"
        style={
          Object {
            "color": undefined,
          }
        }
        viewBox="0 0 1024 1024"
        width="1em"
        xmlns="http://www.w3.org/2000/svg"
      >
        <path
          d="M880 310H732.4c13.6-21.4 21.6-46.8 21.6-74 0-76.1-61.9-138-138-138-41.4 0-78.7 18.4-104 47.4-25.3-29-62.6-47.4-104-47.4-76.1 0-138 61.9-138 138 0 27.2 7.9 52.6 21.6 74H144c-17.7 0-32 14.3-32 32v200c0 4.4 3.6 8 8 8h40v344c0 17.7 14.3 32 32 32h640c17.7 0 32-14.3 32-32V550h40c4.4 0 8-3.6 8-8V342c0-17.7-14.3-32-32-32zm-334-74c0-38.6 31.4-70 70-70s70 31.4 70 70-31.4 70-70 70h-70v-70zm-138-70c38.6 0 70 31.4 70 70v70h-70c-38.6 0-70-31.4-70-70s31.4-70 70-70zM180 482V378h298v104H180zm48 68h250v308H228V550zm568 308H546V550h250v308zm48-376H546V378h298v104z"
        />
      </svg>
       
      Today is Isabelle's Birthday
    </div>
  </div>
  <div
    className="sc-gswNZR erVnGO"
  >
    <div
      className="sc-dkrFOg blqzXU"
      onClick={[Function]}
    >
      <h3>
        How does it work? 
        <span>
          <svg
            fill="currentColor"
            height="1em"
            stroke="currentColor"
            strokeWidth="0"
            style={
              Object {
                "color": undefined,
              }
            }
            viewBox="0 0 1024 1024"
            width="1em"
            xmlns="http://www.w3.org/2000/svg"
          >
            <path
              d="M884 256h-75c-5.1 0-9.9 2.5-12.9 6.6L512 654.2 227.9 262.6c-3-4.1-7.8-6.6-12.9-6.6h-75c-6.5 0-10.3 7.4-6.5 12.7l352.6 486.1c12.8 17.6 39 17.6 51.7 0l352.6-486.1c3.9-5.3.1-12.7-6.4-12.7z"
            />
          </svg>
        </span>
      </h3>
    </div>
    <div
      className="sc-hLBbgP gFZEkO"
    >
      On this project, I'm using React Hooks like useContext, useState, useEffect to achieve a smoother user experience. 
      <br />
      The User API returns randomly generated users, so to handle the profile view, I'm "caching" the first call that happens when the user opens the page in a custom UseContext hook. 
      <br />
      For this reason, if a user lands refreshing on the URL generated for the profile, it will be redirected to the homepage, where a new API call will be submitted. 
      <br />
      All the design has been manually written using styled-components. A natural next step for this project would be wrapping the React app in a Next.js framework, to cache the API calls, setting login logic and server-side render.
    </div>
  </div>
</div>
`;
